/TELA RESIDENT
ษออออออออออออออออออออออออออออออออออออออออออออออออออออออออออออออออออออออออออออออป
บ ___________________________________   RELATORIO APURACAO ICMS    __/__/____  บ
ศออออออออออออออออออออออออออออออออออออออออออออออออออออออออออออออออออออออออออออออผ
ษออออออออออออออออออออออออออออออออออออออออออออออออออออออออออออออออออออออออออออออป
บ                                                                              บ
บ                                                                              บ
บ  Codigo da Empresa.........: [_.]  [_____________________________________]   บ
บ                                                                              บ
บ  Data Inicial do mes ......: [__/__/____]                                    บ
บ                                                                              บ
บ  Data Final do Mes ........: [__/__/____]                                    บ
บ                                                                              บ
บ  Pagina Inicial ...........: [__.]                                           บ
บ                                                                              บ
บ                                                                              บ
บ                                                                              บ
บ                                                                              บ
บ                                                                              บ
บ                                                                              บ 
บ                                                                              บ 
ศออออออออออออออออออออออออออออออออออออออออออออออออออออออออออออออออออออออออออออออผ
ษออออออออออออออออออออออออออออออออออออออออออออออออออออออออออออออออออออออออออออออป
บ  < F1 > AJUDA   < F5 > LIMPA TELA                         CONFIRMA [S/N] _   บ
ศออออออออออออออออออออออออออออออออออออออออออออออออออออออออออออออออออออออออออออออผ
/HEADER
================================================================================================================
EMPRESA .: ___________________________________                                                 FOLHA .:   ____0.
REGISTRO  DE  APURACAO  DO ICMS                                           PERIODO .: __/__/____  ATE  __/__/____
================================================================================================================
CFO    DESCRICAO                               VLR. CONT     BASE CALC       IMPOSTO       ISENTAS        OUTRAS
/SUBHEADER1

                                                                        _________________

/BODY
___.   ___________________________________   ____,___.__   ____,___.__   ____,___.__   ____,___.__   ____,___.__
/SUBTOTAL2
___.   ___________________________________   ____,___.__   ____,___.__   ____,___.__   ____,___.__   ____,___.__
/SUBTOTAL1

T O T A L    =================  >>           ____,___.__   ____,___.__   ____,___.__   ____,___.__   ____,___.__
/TOTAL


          DEMONSTRATIVO  DE  CREDITO                              DEMONSTRATIVO  DE  DEBITO

POR ENTRADAS C/CREDITOS DE IMPOSTO ===>  _____,___.__         POR SAIDAS C/DEBITOS DE IMPOSTO ===>  _____,___.__
OUTROS CREDITOS ======================>  _____,___.__         OUTROS DEBITOS ====================>  _____,___.__
ESTORNOS DE DEBITOS ==================>  _____,___.__         ESTORNOS DE CREDITOS ==============>  _____,___.__
SUB  -  TOTAL ========================>  _____,___.__         TOTAL =============================>  _____,___.__
SALDO CREDOR PERIODO ANTERIOR ========>  _____,___.__
TOTAL  ===============================>  _____,___.__

                                              APURACAO DE SALDOS

SALDO DEVEDOR ========================>  _____,___.__      DEDUCOES ==========> _____,___.__
IMPOSTO A RECOLHER ===================>  _____,___.__      SALDO CREDOR ======> _____,___.__

____           _________________________________________________________
               _________________________________________________________
               _________________________________________________________
               _________________________________________________________

/*
NAME TEMPRE TDATA TLOJA TDLOJA TDT_INI TDT_FIN TPAG TCONF
DATE DDATAINI DDATAFIN
integer IEMPRESA IPAGINA
STRING COMANDO SPARAMETROS

OPEN CPPARAM
OPEN LFPARAM

FILE_MODE CPPARAM READ_ONLY
FILE_MODE LFPARAM READ_ONLY

STRING VESC 1 VESC1 1

CLEAR CPPARAM
FIND GT CPPARAM BY INDEX.1
PRINT CPPARAM.RA_SOCIAL TO TEMPRE
SYSDATE TDATA

ENTERGROUP
  INICIO:
   CLEARFORM TLOJA THRU TCONF
   AUTOPAGE TELA 3

   ENTRY LFPARAM.CODIGO {AUTOFIND}
   INDICATE CERTO AS [ FOUND]
   [~CERTO] ENTRY LFPARAM.RAZAO  {CAPSLOCK,AUTOFIND}
   [~FOUND] GOTO INICIO
   
   ACCEPT TDT_INI
   ACCEPT TDT_FIN {REQUIRED}

   ACCEPT TPAG

   MOVE "S" TO TCONF
   ACCEPT TCONF {CAPSLOCK}
   IF TCONF NE "S" GOTO INICIO   
   
ENDGROUP
MOVE TLOJA TO IEMPRESA
MOVE TDT_INI TO DDATAINI
MOVE TDT_FIN TO DDATAFIN
MOVE TPAG TO IPAGINA

MOVE "" TO SPARAMETROS 
APPEND SPARAMETROS IEMPRESA "|" DDATAINI "|" DDATAFIN "|" IPAGINA "|R"

MOVE "" TO COMANDO
APPEND COMANDO "lfapuic2 " SPARAMETROS
CHAIN WAIT COMANDO EXPORT_FILES

KEYPROC KEY.ESCAPE
  CLEARSCREEN
  ABORT

KEYPROC KEY.CLEAR
RETURN INICIO

KEYPROC KEY.PRINT
KEYPROC KEY.DELETE
KEYPROC KEY.HELP
KEYPROC KEY.USER
KEYPROC KEY.USER2
KEYPROC KEY.SAVE
  ENTAGAIN
RETURN